[backblue.gif]
[fade.gif]
[index.html]
[www.paintinganddecoratingnewcastle.co.uk/wp-content/uploads/2016/04/Favicon-300x274.jpg]
[www.paintinganddecoratingnewcastle.co.uk/feed/index.html]
[www.paintinganddecoratingnewcastle.co.uk/comments/feed/index.html]
[www.paintinganddecoratingnewcastle.co.uk/wp-includes/js/jquery/jqueryc1d8.js]
[www.paintinganddecoratingnewcastle.co.uk/wp-includes/js/jquery/jquery-migrate.min1576.js]
[www.paintinganddecoratingnewcastle.co.uk/wp-content/plugins/revslider/rs-plugin/js/jquery.themepunch.tools.minc8fd.js]
[www.paintinganddecoratingnewcastle.co.uk/wp-content/plugins/revslider/rs-plugin/js/jquery.themepunch.revolution.minc8fd.js]
[www.paintinganddecoratingnewcastle.co.uk/wp-content/themes/enfold/js/avia-compat77ae.js]
[www.paintinganddecoratingnewcastle.co.uk/wp-content/themes/enfold/config-layerslider/LayerSlider/static/js/greensockcd11.js]
[www.paintinganddecoratingnewcastle.co.uk/wp-content/themes/enfold/config-layerslider/LayerSlider/static/js/layerslider.kreaturamedia.jquery9dff.js]
[www.paintinganddecoratingnewcastle.co.uk/wp-content/themes/enfold/config-layerslider/LayerSlider/static/js/layerslider.transitions9dff.js]
[www.paintinganddecoratingnewcastle.co.uk/xmlrpc0db0.php]
[www.paintinganddecoratingnewcastle.co.uk/wp-includes/wlwmanifest.xml]
[www.paintinganddecoratingnewcastle.co.uk/wp-content/themes/enfold/config-templatebuilder/avia-template-builder/assets/fonts/entypo-fontello30f4.eot]
[www.paintinganddecoratingnewcastle.co.uk/wp-content/themes/enfold/config-templatebuilder/avia-template-builder/assets/fonts/entypo-fontello30f4.woff]
[www.paintinganddecoratingnewcastle.co.uk/wp-content/themes/enfold/config-templatebuilder/avia-template-builder/assets/fonts/entypo-fontello30f4.ttf]
[www.paintinganddecoratingnewcastle.co.uk/wp-content/uploads/2016/04/Newlogo.jpg]
[www.paintinganddecoratingnewcastle.co.uk/wp-content/themes/enfold/config-layerslider/LayerSlider/static/img/blank.gif]
[www.paintinganddecoratingnewcastle.co.uk/wp-content/uploads/2011/12/in2-260x185.jpg]
[www.paintinganddecoratingnewcastle.co.uk/wp-content/uploads/2011/12/in1-260x185.jpg]
[www.paintinganddecoratingnewcastle.co.uk/wp-content/uploads/2011/12/ex1-260x185.jpg]
[www.paintinganddecoratingnewcastle.co.uk/wp-content/uploads/2011/01/ex2-260x185.jpg]
[www.paintinganddecoratingnewcastle.co.uk/wp-content/uploads/2011/01/ex2.jpg]
[www.paintinganddecoratingnewcastle.co.uk/wp-content/uploads/2011/01/ex2-495x400.jpg]
[www.paintinganddecoratingnewcastle.co.uk/wp-content/uploads/2011/12/ex1.jpg]
[www.paintinganddecoratingnewcastle.co.uk/wp-content/uploads/2011/12/ex1-495x400.jpg]
[www.paintinganddecoratingnewcastle.co.uk/wp-content/uploads/2011/12/in1.jpg]
[www.paintinganddecoratingnewcastle.co.uk/wp-content/uploads/2011/12/in1-495x400.jpg]
[www.paintinganddecoratingnewcastle.co.uk/wp-content/uploads/2011/12/in2.jpg]
[www.paintinganddecoratingnewcastle.co.uk/wp-content/uploads/2011/12/in2-495x400.jpg]
[www.paintinganddecoratingnewcastle.co.uk/wp-content/uploads/2013/04/img1.jpg]
[www.paintinganddecoratingnewcastle.co.uk/wp-content/uploads/2013/04/img1-495x400.jpg]
[www.paintinganddecoratingnewcastle.co.uk/wp-content/uploads/2013/04/img2.jpg]
[www.paintinganddecoratingnewcastle.co.uk/wp-content/uploads/2013/04/img2-495x400.jpg]
[www.paintinganddecoratingnewcastle.co.uk/wp-content/uploads/2013/04/img3.jpg]
[www.paintinganddecoratingnewcastle.co.uk/wp-content/uploads/2013/04/img3-495x400.jpg]
[www.paintinganddecoratingnewcastle.co.uk/wp-content/uploads/2015/05/avatar-180x180.png]
[www.paintinganddecoratingnewcastle.co.uk/wp-content/themes/enfold/js/avia592e.js]
[www.paintinganddecoratingnewcastle.co.uk/wp-content/themes/enfold/js/shortcodes592e.js]
[www.paintinganddecoratingnewcastle.co.uk/wp-content/themes/enfold/js/aviapopup/jquery.magnific-popup.min77ae.js]
[www.paintinganddecoratingnewcastle.co.uk/wp-includes/js/mediaelement/mediaelement-and-player.min220b.js]
[www.paintinganddecoratingnewcastle.co.uk/wp-includes/js/mediaelement/wp-mediaelement9712.js]
[www.paintinganddecoratingnewcastle.co.uk/wp-includes/js/comment-reply.min9712.js]
[www.paintinganddecoratingnewcastle.co.uk/index.html]
[www.paintinganddecoratingnewcastle.co.uk/wp-content/plugins/revslider/rs-plugin/font/revicons90c6.eot]
[www.paintinganddecoratingnewcastle.co.uk/wp-content/plugins/revslider/rs-plugin/font/revicons90c6.woff]
[www.paintinganddecoratingnewcastle.co.uk/wp-content/plugins/revslider/rs-plugin/font/revicons90c6.ttf]
[www.paintinganddecoratingnewcastle.co.uk/wp-content/plugins/revslider/rs-plugin/assets/gridtile.png]
[www.paintinganddecoratingnewcastle.co.uk/wp-content/plugins/revslider/rs-plugin/assets/gridtile_white.png]
[www.paintinganddecoratingnewcastle.co.uk/wp-content/plugins/revslider/rs-plugin/assets/gridtile_3x3.png]
[www.paintinganddecoratingnewcastle.co.uk/wp-content/plugins/revslider/rs-plugin/assets/gridtile_3x3_white.png]
[www.paintinganddecoratingnewcastle.co.uk/wp-content/plugins/revslider/rs-plugin/assets/shadow1.png]
[www.paintinganddecoratingnewcastle.co.uk/wp-content/plugins/revslider/rs-plugin/assets/shadow2.png]
[www.paintinganddecoratingnewcastle.co.uk/wp-content/plugins/revslider/rs-plugin/assets/shadow3.png]
[www.paintinganddecoratingnewcastle.co.uk/wp-content/plugins/revslider/rs-plugin/images/gradient/g30.png]
[www.paintinganddecoratingnewcastle.co.uk/wp-content/plugins/revslider/rs-plugin/images/gradient/g40.png]
[www.paintinganddecoratingnewcastle.co.uk/wp-content/plugins/revslider/rs-plugin/assets/boxed_bgtile.png]
[www.paintinganddecoratingnewcastle.co.uk/wp-content/plugins/revslider/rs-plugin/assets/navigdots_bgtile.png]
[www.paintinganddecoratingnewcastle.co.uk/wp-content/plugins/revslider/rs-plugin/assets/bullet.png]
[www.paintinganddecoratingnewcastle.co.uk/wp-content/plugins/revslider/rs-plugin/assets/bullets.png]
[www.paintinganddecoratingnewcastle.co.uk/wp-content/plugins/revslider/rs-plugin/assets/bullets2.png]
[www.paintinganddecoratingnewcastle.co.uk/wp-content/plugins/revslider/rs-plugin/assets/bullet_boxed.png]
[www.paintinganddecoratingnewcastle.co.uk/wp-content/plugins/revslider/rs-plugin/assets/navigdots.png]
[www.paintinganddecoratingnewcastle.co.uk/wp-content/plugins/revslider/rs-plugin/assets/large_left.png]
[www.paintinganddecoratingnewcastle.co.uk/wp-content/plugins/revslider/rs-plugin/assets/large_right.png]
[www.paintinganddecoratingnewcastle.co.uk/wp-content/plugins/revslider/rs-plugin/assets/small_left.png]
[www.paintinganddecoratingnewcastle.co.uk/wp-content/plugins/revslider/rs-plugin/assets/small_right.png]
[www.paintinganddecoratingnewcastle.co.uk/wp-content/plugins/revslider/rs-plugin/assets/arrow_left.png]
[www.paintinganddecoratingnewcastle.co.uk/wp-content/plugins/revslider/rs-plugin/assets/arrow_right.png]
[www.paintinganddecoratingnewcastle.co.uk/wp-content/plugins/revslider/rs-plugin/assets/small_left_boxed.png]
[www.paintinganddecoratingnewcastle.co.uk/wp-content/plugins/revslider/rs-plugin/assets/small_right_boxed.png]
[www.paintinganddecoratingnewcastle.co.uk/wp-content/plugins/revslider/rs-plugin/assets/arrowleft.png]
[www.paintinganddecoratingnewcastle.co.uk/wp-content/plugins/revslider/rs-plugin/assets/arrowright.png]
[www.paintinganddecoratingnewcastle.co.uk/wp-content/plugins/revslider/rs-plugin/assets/arrow_left2.png]
[www.paintinganddecoratingnewcastle.co.uk/wp-content/plugins/revslider/rs-plugin/assets/arrow_right2.png]
[www.paintinganddecoratingnewcastle.co.uk/wp-content/plugins/revslider/rs-plugin/assets/coloredbg.png]
[www.paintinganddecoratingnewcastle.co.uk/wp-content/plugins/revslider/rs-plugin/css/settingsc8fd.css]
[www.paintinganddecoratingnewcastle.co.uk/wp-content/themes/enfold/css/grid77ae.css]
[www.paintinganddecoratingnewcastle.co.uk/wp-content/themes/enfold/css/base77ae.css]
[www.paintinganddecoratingnewcastle.co.uk/wp-content/plugins/revslider/rs-plugin/assets/loader.gif]
[www.paintinganddecoratingnewcastle.co.uk/wp-content/themes/enfold/images/layout/loading.gif]
[www.paintinganddecoratingnewcastle.co.uk/wp-content/themes/enfold/css/layout77ae.css]
[www.paintinganddecoratingnewcastle.co.uk/wp-content/themes/enfold/images/layout/preload-dark-big.gif]
[www.paintinganddecoratingnewcastle.co.uk/wp-content/themes/enfold/css/shortcodes77ae.css]
[www.paintinganddecoratingnewcastle.co.uk/wp-content/themes/enfold/js/aviapopup/magnific-popup68b3.css]
[www.paintinganddecoratingnewcastle.co.uk/wp-content/themes/enfold/images/layout/preload-dark-grey-big.gif]
[www.paintinganddecoratingnewcastle.co.uk/wp-content/themes/enfold/js/mediaelement/skin-1/background.png]
[www.paintinganddecoratingnewcastle.co.uk/wp-content/themes/enfold/js/mediaelement/skin-1/sep.png]
[www.paintinganddecoratingnewcastle.co.uk/wp-content/themes/enfold/js/mediaelement/skin-1/mediaelementplayer68b3.css]
[www.paintinganddecoratingnewcastle.co.uk/wp-content/themes/enfold/css/print68b3.css]
[www.paintinganddecoratingnewcastle.co.uk/wp-content/uploads/dynamic_avia/enfoldc25e.css]
[www.paintinganddecoratingnewcastle.co.uk/wp-content/themes/enfold/css/custom77ae.css]
[www.paintinganddecoratingnewcastle.co.uk/wp-content/themes/enfold/js/mediaelement/skin-1/controls.png]
[www.paintinganddecoratingnewcastle.co.uk/wp-content/themes/enfold/config-layerslider/LayerSlider/static/css/blank.gif]
[www.paintinganddecoratingnewcastle.co.uk/wp-content/themes/enfold/config-layerslider/LayerSlider/static/css/layerslider9dff.css]
[www.paintinganddecoratingnewcastle.co.uk/xmlrpc.php]
[www.paintinganddecoratingnewcastle.co.uk/wp-content/themes/enfold/config-templatebuilder/avia-template-builder/assets/fonts/entypo-fontello30f4.svg]
[www.paintinganddecoratingnewcastle.co.uk/wp-content/uploads/my_custom_css/my_styleac8c.css]
[www.paintinganddecoratingnewcastle.co.uk/wp-content/uploads/2015/05/Interior-House-Painting.jpg]
[www.paintinganddecoratingnewcastle.co.uk/interiors/feed/index.html]
[www.paintinganddecoratingnewcastle.co.uk/wp-content/uploads/2015/05/Interior-House-Painting-300x148.jpg]
[www.paintinganddecoratingnewcastle.co.uk/wp-content/uploads/2011/12/in1-300x195.jpg]
[www.paintinganddecoratingnewcastle.co.uk/wp-content/uploads/2015/05/living-room-interior-design.jpg]
[www.paintinganddecoratingnewcastle.co.uk/wp-content/uploads/2015/05/living-room-interior-design-300x225.jpg]
[www.paintinganddecoratingnewcastle.co.uk/interiors/index.html]
[www.paintinganddecoratingnewcastle.co.uk/wp-content/uploads/2011/12/ex1-300x195.jpg]
[www.paintinganddecoratingnewcastle.co.uk/wp-content/uploads/2015/05/home-exterior-painting.jpg]
[www.paintinganddecoratingnewcastle.co.uk/wp-content/uploads/2015/05/home-exterior-painting-300x118.jpg]
[www.paintinganddecoratingnewcastle.co.uk/exteriors/index.html]
[www.paintinganddecoratingnewcastle.co.uk/exteriors/feed/index.html]
[www.paintinganddecoratingnewcastle.co.uk/shortcodes/testimonials/index.html]
[www.paintinganddecoratingnewcastle.co.uk/contact/index.html]
[www.paintinganddecoratingnewcastle.co.uk/index1919.html]
[www.paintinganddecoratingnewcastle.co.uk/contact/feed/index.html]
[www.paintinganddecoratingnewcastle.co.uk/wp-content/uploads/2012/04/2-845x650.jpg]
[www.paintinganddecoratingnewcastle.co.uk/wp-content/uploads/2012/04/014-845x650.jpg]
[www.paintinganddecoratingnewcastle.co.uk/wp-content/uploads/2012/04/013-845x650.jpg]
[www.paintinganddecoratingnewcastle.co.uk/wp-content/uploads/2012/04/1-845x650.jpg]
[www.paintinganddecoratingnewcastle.co.uk/wp-content/uploads/2011/12/in1-80x80.jpg]
[www.paintinganddecoratingnewcastle.co.uk/portfolio-item/slider-two-third/index.html]
[www.paintinganddecoratingnewcastle.co.uk/wp-content/uploads/2012/04/2.jpg]
[www.paintinganddecoratingnewcastle.co.uk/wp-content/uploads/2012/04/2-80x80.jpg]
[www.paintinganddecoratingnewcastle.co.uk/wp-content/uploads/2012/04/014.jpg]
[www.paintinganddecoratingnewcastle.co.uk/wp-content/uploads/2012/04/014-80x80.jpg]
[www.paintinganddecoratingnewcastle.co.uk/wp-content/uploads/2012/04/013.jpg]
[www.paintinganddecoratingnewcastle.co.uk/wp-content/uploads/2012/04/013-80x80.jpg]
[www.paintinganddecoratingnewcastle.co.uk/wp-content/uploads/2012/04/1.jpg]
[www.paintinganddecoratingnewcastle.co.uk/wp-content/uploads/2012/04/1-80x80.jpg]
[www.paintinganddecoratingnewcastle.co.uk/wp-content/uploads/2011/12/ex1-80x80.jpg]
[www.paintinganddecoratingnewcastle.co.uk/wp-content/uploads/2011/12/in2-80x80.jpg]
[www.paintinganddecoratingnewcastle.co.uk/portfolio-item/lorem-ipsum/index.html]
[www.paintinganddecoratingnewcastle.co.uk/search/feed/rss2/index.html]
[www.paintinganddecoratingnewcastle.co.uk/wp-content/uploads/2012/04/2-1000x423.jpg]
[www.paintinganddecoratingnewcastle.co.uk/wp-content/uploads/2012/04/013-1000x423.jpg]
[www.paintinganddecoratingnewcastle.co.uk/wp-content/uploads/2012/04/014-1000x423.jpg]
[www.paintinganddecoratingnewcastle.co.uk/wp-content/uploads/2012/04/1-1000x423.jpg]
[www.paintinganddecoratingnewcastle.co.uk/wp-content/uploads/2011/01/ex2-80x80.jpg]
[www.paintinganddecoratingnewcastle.co.uk/portfolio-item/portfolio-big/index.html]
[www.paintinganddecoratingnewcastle.co.uk/wp-content/uploads/2011/12/imac_big_demo.png]
[www.paintinganddecoratingnewcastle.co.uk/portfolio-item/vimeo-video/index.html]
[www.paintinganddecoratingnewcastle.co.uk/testimonials/index.html]
[www.paintinganddecoratingnewcastle.co.uk/privacy-policy/index.html]
[www.paintinganddecoratingnewcastle.co.uk/terms-of-service/index.html]
[www.paintinganddecoratingnewcastle.co.uk/sitemap/index.html]
[www.paintinganddecoratingnewcastle.co.uk/wp-content/themes/enfold/framework/index.html]
[www.paintinganddecoratingnewcastle.co.uk/wp-content/themes/enfold/index.html]
[www.paintinganddecoratingnewcastle.co.uk/wp-admin/admin-ajax.html]
[www.paintinganddecoratingnewcastle.co.uk/wp-content/plugins/revslider/rs-plugin/font/revicons90c6.svg]
[www.paintinganddecoratingnewcastle.co.uk/testimonials/feed/index.html]
[www.paintinganddecoratingnewcastle.co.uk/index1d2e.html]
[www.paintinganddecoratingnewcastle.co.uk/interiors/index1919.html]
[www.paintinganddecoratingnewcastle.co.uk/index3b9b.html]
[www.paintinganddecoratingnewcastle.co.uk/exteriors/index1919.html]
[www.paintinganddecoratingnewcastle.co.uk/indexeab1.html]
[www.paintinganddecoratingnewcastle.co.uk/contact/index1919.html]
[www.paintinganddecoratingnewcastle.co.uk/portfolio-item/slider-two-third/feed/index.html]
[www.paintinganddecoratingnewcastle.co.uk/index7ea6.html]
[www.paintinganddecoratingnewcastle.co.uk/portfolio-item/slider-two-third/index1919.html]
[www.paintinganddecoratingnewcastle.co.uk/portfolio/index.html]
[www.paintinganddecoratingnewcastle.co.uk/wp-content/uploads/2011/12/in2-1000x430.jpg]
[www.paintinganddecoratingnewcastle.co.uk/wp-content/uploads/2011/12/in1-1000x430.jpg]
[www.paintinganddecoratingnewcastle.co.uk/wp-content/uploads/2011/12/ex1-1000x430.jpg]
[www.paintinganddecoratingnewcastle.co.uk/portfolio/mixed-fullwidth-portfolio/index.html]
[www.paintinganddecoratingnewcastle.co.uk/portfolio-item/lorem-ipsum/feed/index.html]
[www.paintinganddecoratingnewcastle.co.uk/index49b1.html]
[www.paintinganddecoratingnewcastle.co.uk/portfolio-item/lorem-ipsum/index1919.html]
[www.paintinganddecoratingnewcastle.co.uk/portfolio-item/portfolio-big/feed/index.html]
[www.paintinganddecoratingnewcastle.co.uk/indexcbb6.html]
[www.paintinganddecoratingnewcastle.co.uk/portfolio-item/portfolio-big/index1919.html]
[www.paintinganddecoratingnewcastle.co.uk/portfolio-item/vimeo-video/feed/index.html]
[www.paintinganddecoratingnewcastle.co.uk/index5e74.html]
[www.paintinganddecoratingnewcastle.co.uk/portfolio-item/vimeo-video/index1919.html]
[www.paintinganddecoratingnewcastle.co.uk/indexb541.html]
[www.paintinganddecoratingnewcastle.co.uk/testimonials/index1919.html]
[www.paintinganddecoratingnewcastle.co.uk/indexb522.html]
[www.paintinganddecoratingnewcastle.co.uk/privacy-policy/index1919.html]
[www.paintinganddecoratingnewcastle.co.uk/indexd7e1.html]
[www.paintinganddecoratingnewcastle.co.uk/terms-of-service/index1919.html]
[www.paintinganddecoratingnewcastle.co.uk/index1696.html]
[www.paintinganddecoratingnewcastle.co.uk/sitemap/index1919.html]
[www.paintinganddecoratingnewcastle.co.uk/category/frontpage-article/index.html]
[www.paintinganddecoratingnewcastle.co.uk/wp-content/uploads/2012/04/013-180x180.jpg]
[www.paintinganddecoratingnewcastle.co.uk/wp-content/uploads/2012/04/2-180x180.jpg]
[www.paintinganddecoratingnewcastle.co.uk/custom-lightbox-click-the-image/index.html]
[www.paintinganddecoratingnewcastle.co.uk/wp-content/uploads/2012/04/014-180x180.jpg]
[www.paintinganddecoratingnewcastle.co.uk/wp-content/uploads/2012/04/1-180x180.jpg]
[www.paintinganddecoratingnewcastle.co.uk/aenean-vulputate-eleifend-tellus-aenean-leo-ligula/index.html]
[www.paintinganddecoratingnewcastle.co.uk/portfolio/feed/index.html]
[www.paintinganddecoratingnewcastle.co.uk/portfolio/mixed-fullwidth-portfolio/feed/index.html]
[www.paintinganddecoratingnewcastle.co.uk/category/frontpage-article/feed/index.html]
[www.paintinganddecoratingnewcastle.co.uk/custom-lightbox-click-the-image/feed/index.html]
[www.paintinganddecoratingnewcastle.co.uk/this-is-a-nice-post/index.html]
[www.paintinganddecoratingnewcastle.co.uk/aenean-vulputate-eleifend-tellus-aenean-leo-ligula/feed/index.html]
[www.paintinganddecoratingnewcastle.co.uk/this-is-a-nice-post/feed/index.html]
[www.paintinganddecoratingnewcastle.co.uk/this-is-a-test/feed/index.html]
[www.paintinganddecoratingnewcastle.co.uk/this-is-a-test/index.html]
[www.paintinganddecoratingnewcastle.co.uk/category/images/index.html]
[www.paintinganddecoratingnewcastle.co.uk/category/images/feed/index.html]
[www.paintinganddecoratingnewcastle.co.uk/html-styles/feed/index.html]
[www.paintinganddecoratingnewcastle.co.uk/html-styles/index.html]
[www.paintinganddecoratingnewcastle.co.uk/lorem-ipsum-dolor-sit-amet-consectetuer-adipiscing-elit-aenean-commodo-ligula-eget-dolor-aenean-massa/feed/index.html]
[www.paintinganddecoratingnewcastle.co.uk/lorem-ipsum-dolor-sit-amet-consectetuer-adipiscing-elit-aenean-commodo-ligula-eget-dolor-aenean-massa/index.html]
[www.paintinganddecoratingnewcastle.co.uk/category/news/index.html]
[www.paintinganddecoratingnewcastle.co.uk/category/news/feed/index.html]
[www.paintinganddecoratingnewcastle.co.uk/another-title-for-our-pretty-cool-blog/feed/index.html]
[www.paintinganddecoratingnewcastle.co.uk/another-title-for-our-pretty-cool-blog/index.html]
[www.paintinganddecoratingnewcastle.co.uk/kriesi-at/feed/index.html]
[www.paintinganddecoratingnewcastle.co.uk/kriesi-at/index.html]
[www.paintinganddecoratingnewcastle.co.uk/category/uncategorized/index.html]
[www.paintinganddecoratingnewcastle.co.uk/advanced-jquery-functions/feed/index.html]
[www.paintinganddecoratingnewcastle.co.uk/category/uncategorized/feed/index.html]
[www.paintinganddecoratingnewcastle.co.uk/advanced-jquery-functions/index.html]
[www.paintinganddecoratingnewcastle.co.uk/nullam-dictum-felis-eu-pede-mollis-pretium-integer-tincidunt-cras-dapibus-vivamus-elementum-semper-nisi-aenean-vulputate-eleifend-tellus/feed/index.html]
[www.paintinganddecoratingnewcastle.co.uk/nullam-dictum-felis-eu-pede-mollis-pretium-integer-tincidunt-cras-dapibus-vivamus-elementum-semper-nisi-aenean-vulputate-eleifend-tellus/index.html]
[www.paintinganddecoratingnewcastle.co.uk/blog/index.html]
[www.paintinganddecoratingnewcastle.co.uk/wp-content/uploads/2012/04/014-495x400.jpg]
[www.paintinganddecoratingnewcastle.co.uk/wp-content/uploads/2012/04/2-495x400.jpg]
[www.paintinganddecoratingnewcastle.co.uk/blog/blog-grid/index.html]
[www.paintinganddecoratingnewcastle.co.uk/wp-content/uploads/2012/04/2-845x321.jpg]
[www.paintinganddecoratingnewcastle.co.uk/wp-content/uploads/2012/04/014-845x321.jpg]
[www.paintinganddecoratingnewcastle.co.uk/blog/blog-multi-author/index.html]
[www.paintinganddecoratingnewcastle.co.uk/blog/blog-single-author-big/index.html]
[www.paintinganddecoratingnewcastle.co.uk/blog/blog-single-author-full/index.html]
[www.paintinganddecoratingnewcastle.co.uk/blog/blog-single-small/index.html]
[www.paintinganddecoratingnewcastle.co.uk/blog/blog-grid/feed/index.html]
[www.paintinganddecoratingnewcastle.co.uk/wp-content/uploads/2012/04/2-705x458.jpg]
[www.paintinganddecoratingnewcastle.co.uk/wp-content/uploads/2012/04/014-705x458.jpg]
[www.paintinganddecoratingnewcastle.co.uk/wp-content/uploads/2012/04/013-705x458.jpg]
[www.paintinganddecoratingnewcastle.co.uk/wp-content/uploads/2012/04/1-705x458.jpg]
[www.paintinganddecoratingnewcastle.co.uk/blog/masonry-blog/index.html]
[www.paintinganddecoratingnewcastle.co.uk/blog/blog-multi-author/feed/index.html]
[www.paintinganddecoratingnewcastle.co.uk/wp-content/uploads/2012/04/2-1000x430.jpg]
[www.paintinganddecoratingnewcastle.co.uk/wp-content/uploads/2012/04/014-1000x430.jpg]
[www.paintinganddecoratingnewcastle.co.uk/wp-content/uploads/2012/04/1-495x400.jpg]
[www.paintinganddecoratingnewcastle.co.uk/wp-content/uploads/2012/04/013-495x400.jpg]
[www.paintinganddecoratingnewcastle.co.uk/home-v10-magazine/index.html]
[www.paintinganddecoratingnewcastle.co.uk/homepage/home-v2-3-col-images-contact/index.html]
[www.paintinganddecoratingnewcastle.co.uk/homepage/home-v3-3-column-with-blog/index.html]
[www.paintinganddecoratingnewcastle.co.uk/homepage/home-v4-small-slider/index.html]
[www.paintinganddecoratingnewcastle.co.uk/homepage/home-v5/index.html]
[www.paintinganddecoratingnewcastle.co.uk/blog/blog-single-author-big/feed/index.html]
[www.paintinganddecoratingnewcastle.co.uk/homepage/home-v6-classic-4-column/index.html]
[www.paintinganddecoratingnewcastle.co.uk/homepage/home-v7-one-page-portfolio/index.html]
[www.paintinganddecoratingnewcastle.co.uk/blog/blog-single-author-full/feed/index.html]
[www.paintinganddecoratingnewcastle.co.uk/homepage/home-v8-frontpage-shop/index.html]
[www.paintinganddecoratingnewcastle.co.uk/blog/blog-single-small/feed/index.html]
[www.paintinganddecoratingnewcastle.co.uk/blog/masonry-blog/feed/index.html]
[www.paintinganddecoratingnewcastle.co.uk/homepage/home-v9-videos-and-parallax/index.html]
[www.paintinganddecoratingnewcastle.co.uk/pages/index.html]
[www.paintinganddecoratingnewcastle.co.uk/home-v10-magazine/feed/index.html]
[www.paintinganddecoratingnewcastle.co.uk/pages/about-us/index.html]
[www.paintinganddecoratingnewcastle.co.uk/pages/blank/index.html]
[www.paintinganddecoratingnewcastle.co.uk/pages/blank/coming-soon/index.html]
[www.paintinganddecoratingnewcastle.co.uk/homepage/home-v2-3-col-images-contact/feed/index.html]
[www.paintinganddecoratingnewcastle.co.uk/pages/blank/maintenance-mode/index.html]
[www.paintinganddecoratingnewcastle.co.uk/pages/faq/index.html]
[www.paintinganddecoratingnewcastle.co.uk/pages/help/index.html]
[www.paintinganddecoratingnewcastle.co.uk/homepage/home-v3-3-column-with-blog/feed/index.html]
[www.paintinganddecoratingnewcastle.co.uk/pages/landing-page/index.html]
[www.paintinganddecoratingnewcastle.co.uk/pages/team/index.html]
[www.paintinganddecoratingnewcastle.co.uk/pages/pricing/index.html]
[www.paintinganddecoratingnewcastle.co.uk/homepage/home-v4-small-slider/feed/index.html]
[www.paintinganddecoratingnewcastle.co.uk/wp-content/uploads/2012/04/2-300x195.jpg]
[www.paintinganddecoratingnewcastle.co.uk/wp-content/uploads/2012/04/014-300x195.jpg]
[www.paintinganddecoratingnewcastle.co.uk/wp-content/uploads/2012/04/013-300x195.jpg]
[www.paintinganddecoratingnewcastle.co.uk/homepage/home-v5/feed/index.html]
[www.paintinganddecoratingnewcastle.co.uk/homepage/home-v6-classic-4-column/feed/index.html]
[www.paintinganddecoratingnewcastle.co.uk/homepage/home-v7-one-page-portfolio/feed/index.html]
[www.paintinganddecoratingnewcastle.co.uk/homepage/home-v8-frontpage-shop/feed/index.html]
[www.paintinganddecoratingnewcastle.co.uk/pages/services/index.html]
[www.paintinganddecoratingnewcastle.co.uk/homepage/home-v9-videos-and-parallax/feed/index.html]
[www.paintinganddecoratingnewcastle.co.uk/wp-content/uploads/2011/12/in2-705x458.jpg]
[www.paintinganddecoratingnewcastle.co.uk/wp-content/uploads/2011/12/in1-705x458.jpg]
[www.paintinganddecoratingnewcastle.co.uk/wp-content/uploads/2011/12/ex1-705x458.jpg]
[www.paintinganddecoratingnewcastle.co.uk/wp-content/uploads/2011/01/ex2-705x458.jpg]
[www.paintinganddecoratingnewcastle.co.uk/portfolio/masonry-portfolio/index.html]
[www.paintinganddecoratingnewcastle.co.uk/portfolio/portfolio-2-column/index.html]
[www.paintinganddecoratingnewcastle.co.uk/portfolio/portfolio-3-column/index.html]
[www.paintinganddecoratingnewcastle.co.uk/pages/feed/index.html]
[www.paintinganddecoratingnewcastle.co.uk/portfolio/portfolio-ajax/index.html]
[www.paintinganddecoratingnewcastle.co.uk/sample-page/index.html]
[www.paintinganddecoratingnewcastle.co.uk/shortcodes/index.html]
[www.paintinganddecoratingnewcastle.co.uk/pages/about-us/feed/index.html]
[www.paintinganddecoratingnewcastle.co.uk/shortcodes/animated-image/index.html]
[www.paintinganddecoratingnewcastle.co.uk/shortcodes/blog-element/index.html]
[www.paintinganddecoratingnewcastle.co.uk/shortcodes/buttons/index.html]
[www.paintinganddecoratingnewcastle.co.uk/pages/blank/feed/index.html]
[www.paintinganddecoratingnewcastle.co.uk/shortcodes/columns/index.html]
[www.paintinganddecoratingnewcastle.co.uk/shortcodes/contact-forms/index.html]
[www.paintinganddecoratingnewcastle.co.uk/pages/blank/coming-soon/feed/index.html]
[www.paintinganddecoratingnewcastle.co.uk/wp-content/uploads/2012/04/013-1000x430.jpg]
[www.paintinganddecoratingnewcastle.co.uk/shortcodes/easy-slider/index.html]
[www.paintinganddecoratingnewcastle.co.uk/pages/blank/maintenance-mode/feed/index.html]
[www.paintinganddecoratingnewcastle.co.uk/wp-content/uploads/2011/12/imac_big_demo-80x80.png]
[www.paintinganddecoratingnewcastle.co.uk/pages/faq/feed/index.html]
[www.paintinganddecoratingnewcastle.co.uk/wp-includes/images/smilies/simple-smile.png]
[www.paintinganddecoratingnewcastle.co.uk/shortcodes/gallery/index.html]
[www.paintinganddecoratingnewcastle.co.uk/shortcodes/hr/index.html]
[www.paintinganddecoratingnewcastle.co.uk/pages/help/feed/index.html]
[www.paintinganddecoratingnewcastle.co.uk/pages/landing-page/feed/index.html]
[www.paintinganddecoratingnewcastle.co.uk/shortcodes/iconbox/index.html]
[www.paintinganddecoratingnewcastle.co.uk/shortcodes/iconlis/index.html]
[www.paintinganddecoratingnewcastle.co.uk/shortcodes/images-with-hotspots/index.html]
[www.paintinganddecoratingnewcastle.co.uk/pages/team/feed/index.html]
[www.paintinganddecoratingnewcastle.co.uk/shortcodes/layer-slider/index.html]
[www.paintinganddecoratingnewcastle.co.uk/shortcodes/notificatio/index.html]
[www.paintinganddecoratingnewcastle.co.uk/shortcodes/portfolio-shortcode/index.html]
[www.paintinganddecoratingnewcastle.co.uk/pages/pricing/feed/index.html]
[www.paintinganddecoratingnewcastle.co.uk/shortcodes/post-slider/index.html]
[www.paintinganddecoratingnewcastle.co.uk/shortcodes/pricing-and-data-tables/index.html]
[www.paintinganddecoratingnewcastle.co.uk/shortcodes/progressbars/index.html]
[www.paintinganddecoratingnewcastle.co.uk/shortcodes/promo-box/index.html]
[www.paintinganddecoratingnewcastle.co.uk/shortcodes/tabs/index.html]
[www.paintinganddecoratingnewcastle.co.uk/pages/services/feed/index.html]
[www.paintinganddecoratingnewcastle.co.uk/shortcodes/team/index.html]
[www.paintinganddecoratingnewcastle.co.uk/shortcodes/toggles-accordions/index.html]
[www.paintinganddecoratingnewcastle.co.uk/shortcodes/video/index.html]
[www.paintinganddecoratingnewcastle.co.uk/portfolio/masonry-portfolio/feed/index.html]
[www.paintinganddecoratingnewcastle.co.uk/portfolio/portfolio-2-column/feed/index.html]
[www.paintinganddecoratingnewcastle.co.uk/portfolio/portfolio-3-column/feed/index.html]
[www.paintinganddecoratingnewcastle.co.uk/portfolio/portfolio-ajax/feed/index.html]
[www.paintinganddecoratingnewcastle.co.uk/transparent-header/index.html]
[www.paintinganddecoratingnewcastle.co.uk/wp-content/themes/enfold/framework/avia_framework.html]
[www.paintinganddecoratingnewcastle.co.uk/sample-page/feed/index.html]
[www.paintinganddecoratingnewcastle.co.uk/wp-content/themes/enfold/framework/css/index.html]
[www.paintinganddecoratingnewcastle.co.uk/wp-content/themes/enfold/framework/images/index.html]
[www.paintinganddecoratingnewcastle.co.uk/shortcodes/feed/index.html]
[www.paintinganddecoratingnewcastle.co.uk/wp-content/themes/enfold/framework/js/avia_advanced_form_elements.js]
[www.paintinganddecoratingnewcastle.co.uk/wp-content/themes/enfold/framework/js/avia_colorpicker.js]
[www.paintinganddecoratingnewcastle.co.uk/wp-content/themes/enfold/framework/js/avia_dynamic_templates.js]
[www.paintinganddecoratingnewcastle.co.uk/wp-content/themes/enfold/framework/js/avia_edit_dynamic_templtes.js]
[www.paintinganddecoratingnewcastle.co.uk/wp-content/themes/enfold/framework/js/avia_media.js]
[www.paintinganddecoratingnewcastle.co.uk/shortcodes/animated-image/feed/index.html]
[www.paintinganddecoratingnewcastle.co.uk/wp-content/themes/enfold/framework/js/avia_media_advanced.js]
[www.paintinganddecoratingnewcastle.co.uk/wp-content/themes/enfold/framework/js/avia_media_wp35.js]
[www.paintinganddecoratingnewcastle.co.uk/shortcodes/blog-element/feed/index.html]
[www.paintinganddecoratingnewcastle.co.uk/wp-content/themes/enfold/framework/js/avia_mega_menu.js]
[www.paintinganddecoratingnewcastle.co.uk/wp-content/themes/enfold/framework/js/avia_option_pages.js]
[www.paintinganddecoratingnewcastle.co.uk/wp-content/themes/enfold/framework/js/avia_sidebar.js]
[www.paintinganddecoratingnewcastle.co.uk/wp-content/themes/enfold/framework/js/index.html]
[www.paintinganddecoratingnewcastle.co.uk/shortcodes/buttons/feed/index.html]
[www.paintinganddecoratingnewcastle.co.uk/shortcodes/columns/feed/index.html]
[www.paintinganddecoratingnewcastle.co.uk/shortcodes/contact-forms/feed/index.html]
[www.paintinganddecoratingnewcastle.co.uk/wp-content/themes/enfold/framework/php/index.html]
[www.paintinganddecoratingnewcastle.co.uk/index8ee8.html]
[www.paintinganddecoratingnewcastle.co.uk/portfolio/index1919.html]
[www.paintinganddecoratingnewcastle.co.uk/shortcodes/easy-slider/feed/index.html]
[www.paintinganddecoratingnewcastle.co.uk/indexe66a.html]
[www.paintinganddecoratingnewcastle.co.uk/portfolio/mixed-fullwidth-portfolio/index1919.html]
[www.paintinganddecoratingnewcastle.co.uk/category/frontpage-article/index1919.html]
[www.paintinganddecoratingnewcastle.co.uk/shortcodes/gallery/feed/index.html]
[www.paintinganddecoratingnewcastle.co.uk/author/admin/index.html]
[www.paintinganddecoratingnewcastle.co.uk/index5eda.html]
[www.paintinganddecoratingnewcastle.co.uk/custom-lightbox-click-the-image/index1919.html]
[www.paintinganddecoratingnewcastle.co.uk/shortcodes/hr/feed/index.html]
[www.paintinganddecoratingnewcastle.co.uk/tag/are/index.html]
[www.paintinganddecoratingnewcastle.co.uk/tag/nice/index.html]
[www.paintinganddecoratingnewcastle.co.uk/tag/some/index.html]
[www.paintinganddecoratingnewcastle.co.uk/shortcodes/iconbox/feed/index.html]
[www.paintinganddecoratingnewcastle.co.uk/tag/tags/index.html]
[www.paintinganddecoratingnewcastle.co.uk/tag/these/index.html]
[www.paintinganddecoratingnewcastle.co.uk/twitter.com/share157c.html]
[www.paintinganddecoratingnewcastle.co.uk/shortcodes/iconlis/feed/index.html]
[www.paintinganddecoratingnewcastle.co.uk/plus.google.com/share5356.html]
[www.paintinganddecoratingnewcastle.co.uk/indexa943.html]
[www.paintinganddecoratingnewcastle.co.uk/aenean-vulputate-eleifend-tellus-aenean-leo-ligula/index1919.html]
[www.paintinganddecoratingnewcastle.co.uk/shortcodes/images-with-hotspots/feed/index.html]
[www.paintinganddecoratingnewcastle.co.uk/twitter.com/sharea569.html]
[www.paintinganddecoratingnewcastle.co.uk/plus.google.com/share6876.html]
[www.paintinganddecoratingnewcastle.co.uk/aenean-vulputate-eleifend-tellus-aenean-leo-ligula/index04d3.html]
[www.paintinganddecoratingnewcastle.co.uk/shortcodes/layer-slider/feed/index.html]
[www.paintinganddecoratingnewcastle.co.uk/indexa8da.html]
[www.paintinganddecoratingnewcastle.co.uk/this-is-a-nice-post/index1919.html]
[www.paintinganddecoratingnewcastle.co.uk/twitter.com/sharec169.html]
[www.paintinganddecoratingnewcastle.co.uk/shortcodes/notificatio/feed/index.html]
[www.paintinganddecoratingnewcastle.co.uk/plus.google.com/share837e.html]
[www.paintinganddecoratingnewcastle.co.uk/index8a71.html]
[www.paintinganddecoratingnewcastle.co.uk/this-is-a-test/index1919.html]
[www.paintinganddecoratingnewcastle.co.uk/shortcodes/portfolio-shortcode/feed/index.html]
[www.paintinganddecoratingnewcastle.co.uk/twitter.com/share635c.html]
[www.paintinganddecoratingnewcastle.co.uk/plus.google.com/shareedab.html]
[www.paintinganddecoratingnewcastle.co.uk/shortcodes/post-slider/feed/index.html]
[www.paintinganddecoratingnewcastle.co.uk/category/images/index1919.html]
[www.paintinganddecoratingnewcastle.co.uk/index36d4.html]
[www.paintinganddecoratingnewcastle.co.uk/html-styles/index1919.html]
[www.paintinganddecoratingnewcastle.co.uk/shortcodes/pricing-and-data-tables/feed/index.html]
[www.paintinganddecoratingnewcastle.co.uk/twitter.com/share4ac7.html]
[www.paintinganddecoratingnewcastle.co.uk/plus.google.com/sharee3db.html]
[www.paintinganddecoratingnewcastle.co.uk/indexc807.html]
[www.paintinganddecoratingnewcastle.co.uk/shortcodes/progressbars/feed/index.html]
[www.paintinganddecoratingnewcastle.co.uk/lorem-ipsum-dolor-sit-amet-consectetuer-adipiscing-elit-aenean-commodo-ligula-eget-dolor-aenean-massa/index1919.html]
[www.paintinganddecoratingnewcastle.co.uk/twitter.com/share5d8f.html]
[www.paintinganddecoratingnewcastle.co.uk/plus.google.com/sharee040.html]
[www.paintinganddecoratingnewcastle.co.uk/shortcodes/promo-box/feed/index.html]
[www.paintinganddecoratingnewcastle.co.uk/lorem-ipsum-dolor-sit-amet-consectetuer-adipiscing-elit-aenean-commodo-ligula-eget-dolor-aenean-massa/index41b7.html]
[www.paintinganddecoratingnewcastle.co.uk/lorem-ipsum-dolor-sit-amet-consectetuer-adipiscing-elit-aenean-commodo-ligula-eget-dolor-aenean-massa/index94a5.html]
[www.paintinganddecoratingnewcastle.co.uk/shortcodes/tabs/feed/index.html]
[www.paintinganddecoratingnewcastle.co.uk/lorem-ipsum-dolor-sit-amet-consectetuer-adipiscing-elit-aenean-commodo-ligula-eget-dolor-aenean-massa/indexfc06.html]
[www.paintinganddecoratingnewcastle.co.uk/category/news/index1919.html]
[www.paintinganddecoratingnewcastle.co.uk/index88a0.html]
[www.paintinganddecoratingnewcastle.co.uk/shortcodes/team/feed/index.html]
[www.paintinganddecoratingnewcastle.co.uk/another-title-for-our-pretty-cool-blog/index1919.html]
[www.paintinganddecoratingnewcastle.co.uk/twitter.com/share52ea.html]
[www.paintinganddecoratingnewcastle.co.uk/plus.google.com/shareacdb.html]
[www.paintinganddecoratingnewcastle.co.uk/shortcodes/toggles-accordions/feed/index.html]
[www.paintinganddecoratingnewcastle.co.uk/index3e8e.html]
[www.paintinganddecoratingnewcastle.co.uk/kriesi-at/index1919.html]
[www.paintinganddecoratingnewcastle.co.uk/twitter.com/share8353.html]
[www.paintinganddecoratingnewcastle.co.uk/shortcodes/video/feed/index.html]
[www.paintinganddecoratingnewcastle.co.uk/plus.google.com/shareaa21.html]
[www.paintinganddecoratingnewcastle.co.uk/category/uncategorized/index1919.html]
[www.paintinganddecoratingnewcastle.co.uk/index65d2.html]
[www.paintinganddecoratingnewcastle.co.uk/transparent-header/feed/index.html]
[www.paintinganddecoratingnewcastle.co.uk/advanced-jquery-functions/index1919.html]
[www.paintinganddecoratingnewcastle.co.uk/twitter.com/shareb288.html]
[www.paintinganddecoratingnewcastle.co.uk/plus.google.com/share8e1e.html]
[www.paintinganddecoratingnewcastle.co.uk/index6233.html]
[www.paintinganddecoratingnewcastle.co.uk/nullam-dictum-felis-eu-pede-mollis-pretium-integer-tincidunt-cras-dapibus-vivamus-elementum-semper-nisi-aenean-vulputate-eleifend-tellus/index1919.html]
[www.paintinganddecoratingnewcastle.co.uk/twitter.com/shared495.html]
[www.paintinganddecoratingnewcastle.co.uk/plus.google.com/sharefac2.html]
[www.paintinganddecoratingnewcastle.co.uk/nullam-dictum-felis-eu-pede-mollis-pretium-integer-tincidunt-cras-dapibus-vivamus-elementum-semper-nisi-aenean-vulputate-eleifend-tellus/index8528.html]
[www.paintinganddecoratingnewcastle.co.uk/nullam-dictum-felis-eu-pede-mollis-pretium-integer-tincidunt-cras-dapibus-vivamus-elementum-semper-nisi-aenean-vulputate-eleifend-tellus/index6f0d.html]
[www.paintinganddecoratingnewcastle.co.uk/nullam-dictum-felis-eu-pede-mollis-pretium-integer-tincidunt-cras-dapibus-vivamus-elementum-semper-nisi-aenean-vulputate-eleifend-tellus/indexa79a.html]
[www.paintinganddecoratingnewcastle.co.uk/author/admin/feed/index.html]
[www.paintinganddecoratingnewcastle.co.uk/nullam-dictum-felis-eu-pede-mollis-pretium-integer-tincidunt-cras-dapibus-vivamus-elementum-semper-nisi-aenean-vulputate-eleifend-tellus/indexb951.html]
[www.paintinganddecoratingnewcastle.co.uk/tag/are/feed/index.html]
[www.paintinganddecoratingnewcastle.co.uk/nullam-dictum-felis-eu-pede-mollis-pretium-integer-tincidunt-cras-dapibus-vivamus-elementum-semper-nisi-aenean-vulputate-eleifend-tellus/index5a86.html]
[www.paintinganddecoratingnewcastle.co.uk/nullam-dictum-felis-eu-pede-mollis-pretium-integer-tincidunt-cras-dapibus-vivamus-elementum-semper-nisi-aenean-vulputate-eleifend-tellus/index06ab.html]
[www.paintinganddecoratingnewcastle.co.uk/tag/nice/feed/index.html]
[www.paintinganddecoratingnewcastle.co.uk/nullam-dictum-felis-eu-pede-mollis-pretium-integer-tincidunt-cras-dapibus-vivamus-elementum-semper-nisi-aenean-vulputate-eleifend-tellus/indexf970.html]
[www.paintinganddecoratingnewcastle.co.uk/nullam-dictum-felis-eu-pede-mollis-pretium-integer-tincidunt-cras-dapibus-vivamus-elementum-semper-nisi-aenean-vulputate-eleifend-tellus/index954a.html]
[www.paintinganddecoratingnewcastle.co.uk/tag/some/feed/index.html]
[www.paintinganddecoratingnewcastle.co.uk/nullam-dictum-felis-eu-pede-mollis-pretium-integer-tincidunt-cras-dapibus-vivamus-elementum-semper-nisi-aenean-vulputate-eleifend-tellus/index745d.html]
[www.paintinganddecoratingnewcastle.co.uk/blog/index1919.html]
[www.paintinganddecoratingnewcastle.co.uk/tag/tags/feed/index.html]
[www.paintinganddecoratingnewcastle.co.uk/index5c41.html]
[www.paintinganddecoratingnewcastle.co.uk/blog/blog-grid/index1919.html]
[www.paintinganddecoratingnewcastle.co.uk/tag/these/feed/index.html]
[www.paintinganddecoratingnewcastle.co.uk/blog/blog-grid/page/2/index.html]
[www.paintinganddecoratingnewcastle.co.uk/indexdf2a.html]
[www.paintinganddecoratingnewcastle.co.uk/blog/blog-multi-author/index1919.html]
[www.paintinganddecoratingnewcastle.co.uk/type/link/index.html]
[www.paintinganddecoratingnewcastle.co.uk/type/quote/index.html]
[www.paintinganddecoratingnewcastle.co.uk/type/gallery/index.html]
[www.paintinganddecoratingnewcastle.co.uk/type/video/index.html]
[www.paintinganddecoratingnewcastle.co.uk/wp-content/uploads/2012/04/013-845x321.jpg]
[www.paintinganddecoratingnewcastle.co.uk/blog/blog-multi-author/page/2/index.html]
[www.paintinganddecoratingnewcastle.co.uk/index039f.html]
[www.paintinganddecoratingnewcastle.co.uk/blog/blog-single-author-big/index1919.html]
[www.paintinganddecoratingnewcastle.co.uk/wp-content/uploads/2012/04/1-845x321.jpg]
[www.paintinganddecoratingnewcastle.co.uk/blog/blog-single-author-big/page/2/index.html]
[www.paintinganddecoratingnewcastle.co.uk/index8d1b.html]
[www.paintinganddecoratingnewcastle.co.uk/blog/blog-single-author-full/index1919.html]
[www.paintinganddecoratingnewcastle.co.uk/blog/blog-single-author-full/page/2/index.html]
[www.paintinganddecoratingnewcastle.co.uk/index8f57.html]
[www.paintinganddecoratingnewcastle.co.uk/blog/blog-single-small/index1919.html]
[www.paintinganddecoratingnewcastle.co.uk/blog/blog-single-small/page/2/index.html]
[www.paintinganddecoratingnewcastle.co.uk/index1ab8.html]
[www.paintinganddecoratingnewcastle.co.uk/blog/masonry-blog/index1919.html]
[www.paintinganddecoratingnewcastle.co.uk/index70e3.html]
[www.paintinganddecoratingnewcastle.co.uk/home-v10-magazine/index1919.html]
[www.paintinganddecoratingnewcastle.co.uk/index9fb6.html]
[www.paintinganddecoratingnewcastle.co.uk/homepage/home-v2-3-col-images-contact/index1919.html]
[www.paintinganddecoratingnewcastle.co.uk/index2b79.html]
[www.paintinganddecoratingnewcastle.co.uk/homepage/home-v3-3-column-with-blog/index1919.html]
[www.paintinganddecoratingnewcastle.co.uk/index327d.html]
[www.paintinganddecoratingnewcastle.co.uk/homepage/home-v4-small-slider/index1919.html]
[www.paintinganddecoratingnewcastle.co.uk/index21fb.html]
[www.paintinganddecoratingnewcastle.co.uk/homepage/home-v5/index1919.html]
[www.paintinganddecoratingnewcastle.co.uk/indexf884.html]
[www.paintinganddecoratingnewcastle.co.uk/homepage/home-v6-classic-4-column/index1919.html]
[www.paintinganddecoratingnewcastle.co.uk/indexbd91.html]
[www.paintinganddecoratingnewcastle.co.uk/homepage/home-v7-one-page-portfolio/index1919.html]
[www.paintinganddecoratingnewcastle.co.uk/index1311.html]
[www.paintinganddecoratingnewcastle.co.uk/homepage/home-v8-frontpage-shop/index1919.html]
[www.paintinganddecoratingnewcastle.co.uk/wp-login6f77.html]
[www.paintinganddecoratingnewcastle.co.uk/index1538.html]
[www.paintinganddecoratingnewcastle.co.uk/homepage/home-v9-videos-and-parallax/index1919.html]
[www.paintinganddecoratingnewcastle.co.uk/homepage/home-v9-videos-and-parallax/www.kriesi.at/themes/enfold/features/index.html]
[www.paintinganddecoratingnewcastle.co.uk/homepage/home-v9-videos-and-parallax/themeforest.net/item/enfold-responsive-multipurpose-theme/45199905982.html]
[www.paintinganddecoratingnewcastle.co.uk/indexc9bc.html]
[www.paintinganddecoratingnewcastle.co.uk/pages/index1919.html]
[www.paintinganddecoratingnewcastle.co.uk/index3fa3.html]
[www.paintinganddecoratingnewcastle.co.uk/pages/about-us/index1919.html]
[www.paintinganddecoratingnewcastle.co.uk/indexd2ec.html]
[www.paintinganddecoratingnewcastle.co.uk/indexfc76.html]
[www.paintinganddecoratingnewcastle.co.uk/index4511.html]
[www.paintinganddecoratingnewcastle.co.uk/indexa414.html]
[www.paintinganddecoratingnewcastle.co.uk/pages/faq/index1919.html]
[www.paintinganddecoratingnewcastle.co.uk/index744c.html]
[www.paintinganddecoratingnewcastle.co.uk/pages/help/index1919.html]
[www.paintinganddecoratingnewcastle.co.uk/indexc1cc.html]
[www.paintinganddecoratingnewcastle.co.uk/pages/landing-page/index1919.html]
[www.paintinganddecoratingnewcastle.co.uk/index7caf.html]
[www.paintinganddecoratingnewcastle.co.uk/pages/team/index1919.html]
[www.paintinganddecoratingnewcastle.co.uk/index3195.html]
[www.paintinganddecoratingnewcastle.co.uk/pages/pricing/index1919.html]
[www.paintinganddecoratingnewcastle.co.uk/index3c55.html]
[www.paintinganddecoratingnewcastle.co.uk/pages/services/index1919.html]
[www.paintinganddecoratingnewcastle.co.uk/player.vimeo.com/video/1084537.html]
[www.paintinganddecoratingnewcastle.co.uk/index4592.html]
[www.paintinganddecoratingnewcastle.co.uk/portfolio/masonry-portfolio/index1919.html]
[www.paintinganddecoratingnewcastle.co.uk/index3afd.html]
[www.paintinganddecoratingnewcastle.co.uk/portfolio/portfolio-2-column/index1919.html]
[www.paintinganddecoratingnewcastle.co.uk/index0d0a.html]
[www.paintinganddecoratingnewcastle.co.uk/portfolio/portfolio-3-column/index1919.html]
[www.paintinganddecoratingnewcastle.co.uk/indexa7b1.html]
[www.paintinganddecoratingnewcastle.co.uk/portfolio/portfolio-ajax/index1919.html]
[www.paintinganddecoratingnewcastle.co.uk/index905b.html]
[www.paintinganddecoratingnewcastle.co.uk/sample-page/index1919.html]
[www.paintinganddecoratingnewcastle.co.uk/wp-admin/index.html]
[www.paintinganddecoratingnewcastle.co.uk/index21b4.html]
[www.paintinganddecoratingnewcastle.co.uk/shortcodes/index1919.html]
[www.paintinganddecoratingnewcastle.co.uk/index6d2c.html]
[www.paintinganddecoratingnewcastle.co.uk/shortcodes/animated-image/index1919.html]
[www.paintinganddecoratingnewcastle.co.uk/index5e02.html]
[www.paintinganddecoratingnewcastle.co.uk/shortcodes/blog-element/index1919.html]
[www.paintinganddecoratingnewcastle.co.uk/shortcodes/blog-element/page/2/index.html]
[www.paintinganddecoratingnewcastle.co.uk/shortcodes/blog-element/page/3/index.html]
[www.paintinganddecoratingnewcastle.co.uk/shortcodes/blog-element/page/4/index.html]
[www.paintinganddecoratingnewcastle.co.uk/shortcodes/blog-element/page/5/index.html]
[www.paintinganddecoratingnewcastle.co.uk/2012/01/index.html]
[www.paintinganddecoratingnewcastle.co.uk/2011/03/index.html]
[www.paintinganddecoratingnewcastle.co.uk/2011/02/index.html]
[www.paintinganddecoratingnewcastle.co.uk/2011/01/index.html]
[www.paintinganddecoratingnewcastle.co.uk/2010/12/index.html]
[www.paintinganddecoratingnewcastle.co.uk/2010/08/index.html]
[www.paintinganddecoratingnewcastle.co.uk/2010/05/index.html]
[www.paintinganddecoratingnewcastle.co.uk/2009/03/index.html]
[www.paintinganddecoratingnewcastle.co.uk/indexb63e.html]
[www.paintinganddecoratingnewcastle.co.uk/shortcodes/buttons/index1919.html]
[www.paintinganddecoratingnewcastle.co.uk/index6996.html]
[www.paintinganddecoratingnewcastle.co.uk/shortcodes/columns/index1919.html]
[www.paintinganddecoratingnewcastle.co.uk/index342f.html]
[www.paintinganddecoratingnewcastle.co.uk/shortcodes/contact-forms/index1919.html]
[www.paintinganddecoratingnewcastle.co.uk/index914d.html]
[www.paintinganddecoratingnewcastle.co.uk/shortcodes/easy-slider/index1919.html]
[www.paintinganddecoratingnewcastle.co.uk/index8cae.html]
[www.paintinganddecoratingnewcastle.co.uk/shortcodes/gallery/index1919.html]
[www.paintinganddecoratingnewcastle.co.uk/indexa49c.html]
[www.paintinganddecoratingnewcastle.co.uk/shortcodes/hr/index1919.html]
[www.paintinganddecoratingnewcastle.co.uk/index9628.html]
[www.paintinganddecoratingnewcastle.co.uk/shortcodes/iconbox/index1919.html]
[www.paintinganddecoratingnewcastle.co.uk/index4e02.html]
[www.paintinganddecoratingnewcastle.co.uk/shortcodes/iconlis/index1919.html]
[www.paintinganddecoratingnewcastle.co.uk/index89ee.html]
[www.paintinganddecoratingnewcastle.co.uk/shortcodes/images-with-hotspots/index1919.html]
[www.paintinganddecoratingnewcastle.co.uk/index461a.html]
[www.paintinganddecoratingnewcastle.co.uk/shortcodes/layer-slider/index1919.html]
[www.paintinganddecoratingnewcastle.co.uk/indexf9af.html]
[www.paintinganddecoratingnewcastle.co.uk/shortcodes/notificatio/index1919.html]
[www.paintinganddecoratingnewcastle.co.uk/index0865.html]
[www.paintinganddecoratingnewcastle.co.uk/shortcodes/portfolio-shortcode/index1919.html]
[www.paintinganddecoratingnewcastle.co.uk/indexe196.html]
[www.paintinganddecoratingnewcastle.co.uk/shortcodes/post-slider/index1919.html]
[www.paintinganddecoratingnewcastle.co.uk/indexd399.html]
[www.paintinganddecoratingnewcastle.co.uk/shortcodes/pricing-and-data-tables/index1919.html]
[www.paintinganddecoratingnewcastle.co.uk/index0c04.html]
[www.paintinganddecoratingnewcastle.co.uk/shortcodes/progressbars/index1919.html]
[www.paintinganddecoratingnewcastle.co.uk/indexdabb.html]
[www.paintinganddecoratingnewcastle.co.uk/shortcodes/promo-box/index1919.html]
[www.paintinganddecoratingnewcastle.co.uk/index71e2.html]
[www.paintinganddecoratingnewcastle.co.uk/shortcodes/tabs/index1919.html]
[www.paintinganddecoratingnewcastle.co.uk/index6cf4.html]
[www.paintinganddecoratingnewcastle.co.uk/shortcodes/team/index1919.html]
[www.paintinganddecoratingnewcastle.co.uk/indexe0b9.html]
[www.paintinganddecoratingnewcastle.co.uk/shortcodes/toggles-accordions/index1919.html]
[www.paintinganddecoratingnewcastle.co.uk/indexd255.html]
[www.paintinganddecoratingnewcastle.co.uk/shortcodes/video/index1919.html]
[www.paintinganddecoratingnewcastle.co.uk/index8848.html]
[www.paintinganddecoratingnewcastle.co.uk/transparent-header/index1919.html]
[www.paintinganddecoratingnewcastle.co.uk/transparent-header/themeforest.net/item/enfold-responsive-multipurpose-theme/45199905982.html]
[www.paintinganddecoratingnewcastle.co.uk/wp-content/themes/enfold/framework/images/layout/bg-bottom-shadow.png]
[www.paintinganddecoratingnewcastle.co.uk/wp-content/themes/enfold/framework/images/icons/close.png]
[www.paintinganddecoratingnewcastle.co.uk/wp-content/themes/enfold/framework/images/icons/add.png]
[www.paintinganddecoratingnewcastle.co.uk/wp-content/themes/enfold/framework/images/icons/loading.gif]
[www.paintinganddecoratingnewcastle.co.uk/wp-content/themes/enfold/framework/images/icons/loading_mini.gif]
[www.paintinganddecoratingnewcastle.co.uk/wp-content/themes/enfold/framework/images/icons/success.png]
[www.paintinganddecoratingnewcastle.co.uk/wp-content/themes/enfold/framework/images/icons/alert.png]
[www.paintinganddecoratingnewcastle.co.uk/wp-content/themes/enfold/framework/images/layout/bg-button.png]
[www.paintinganddecoratingnewcastle.co.uk/wp-content/themes/enfold/framework/images/layout/bg-style-wrap.png]
[www.paintinganddecoratingnewcastle.co.uk/wp-content/themes/enfold/framework/images/layout/select.png]
[www.paintinganddecoratingnewcastle.co.uk/wp-content/themes/enfold/framework/images/layout/bg.png]
[www.paintinganddecoratingnewcastle.co.uk/wp-content/themes/enfold/framework/images/icons/bin_closed.png]
[www.paintinganddecoratingnewcastle.co.uk/wp-content/themes/enfold/framework/images/layout/sort_arrow_down.png]
[www.paintinganddecoratingnewcastle.co.uk/wp-content/themes/enfold/framework/php/avia_shortcodes/tinymce/img/icon.png]
[www.paintinganddecoratingnewcastle.co.uk/wp-content/themes/enfold/framework/css/avia_admin.css]
[www.paintinganddecoratingnewcastle.co.uk/wp-content/themes/enfold/framework/images/colorpicker/colorpicker_background.png]
[www.paintinganddecoratingnewcastle.co.uk/wp-content/themes/enfold/framework/images/colorpicker/colorpicker_overlay.png]
[www.paintinganddecoratingnewcastle.co.uk/wp-content/themes/enfold/framework/images/colorpicker/colorpicker_select.gif]
[www.paintinganddecoratingnewcastle.co.uk/wp-content/themes/enfold/framework/images/colorpicker/colorpicker_indic.gif]
[www.paintinganddecoratingnewcastle.co.uk/wp-content/themes/enfold/framework/images/colorpicker/colorpicker_hex.png]
[www.paintinganddecoratingnewcastle.co.uk/wp-content/themes/enfold/framework/images/colorpicker/colorpicker_rgb_r.png]
[www.paintinganddecoratingnewcastle.co.uk/wp-content/themes/enfold/framework/images/colorpicker/colorpicker_rgb_g.png]
[www.paintinganddecoratingnewcastle.co.uk/wp-content/themes/enfold/framework/images/colorpicker/colorpicker_rgb_b.png]
[www.paintinganddecoratingnewcastle.co.uk/wp-content/themes/enfold/framework/images/colorpicker/colorpicker_hsb_h.png]
[www.paintinganddecoratingnewcastle.co.uk/wp-content/themes/enfold/framework/images/colorpicker/colorpicker_hsb_s.png]
[www.paintinganddecoratingnewcastle.co.uk/wp-content/themes/enfold/framework/images/colorpicker/colorpicker_hsb_b.png]
[www.paintinganddecoratingnewcastle.co.uk/wp-content/themes/enfold/framework/images/colorpicker/colorpicker_submit.png]
[www.paintinganddecoratingnewcastle.co.uk/wp-content/themes/enfold/framework/images/colorpicker/select2.png]
[www.paintinganddecoratingnewcastle.co.uk/wp-content/themes/enfold/framework/css/avia_colorpicker.css]
[www.paintinganddecoratingnewcastle.co.uk/wp-content/themes/enfold/framework/images/icons/icon-trash.png]
[www.paintinganddecoratingnewcastle.co.uk/wp-content/themes/enfold/framework/css/avia_sidebar.css]
[www.paintinganddecoratingnewcastle.co.uk/wp-content/themes/enfold/framework/css/conditional_load/index.html]
[www.paintinganddecoratingnewcastle.co.uk/wp-content/themes/enfold/framework/images/colorpicker/blank.gif]
[www.paintinganddecoratingnewcastle.co.uk/wp-content/themes/enfold/framework/images/colorpicker/custom_background.png]
[www.paintinganddecoratingnewcastle.co.uk/wp-content/themes/enfold/framework/images/colorpicker/custom_hex.png]
[www.paintinganddecoratingnewcastle.co.uk/wp-content/themes/enfold/framework/images/colorpicker/custom_hsb_b.png]
[www.paintinganddecoratingnewcastle.co.uk/wp-content/themes/enfold/framework/images/colorpicker/custom_hsb_h.png]
[www.paintinganddecoratingnewcastle.co.uk/wp-content/themes/enfold/framework/images/colorpicker/custom_hsb_s.png]
[www.paintinganddecoratingnewcastle.co.uk/wp-content/themes/enfold/framework/images/colorpicker/custom_indic.gif]
[www.paintinganddecoratingnewcastle.co.uk/wp-content/themes/enfold/framework/images/colorpicker/custom_rgb_b.png]
[www.paintinganddecoratingnewcastle.co.uk/wp-content/themes/enfold/framework/images/colorpicker/custom_rgb_g.png]
[www.paintinganddecoratingnewcastle.co.uk/wp-content/themes/enfold/framework/images/colorpicker/custom_rgb_r.png]
[www.paintinganddecoratingnewcastle.co.uk/wp-content/themes/enfold/framework/images/colorpicker/custom_submit.png]
[www.paintinganddecoratingnewcastle.co.uk/wp-content/themes/enfold/framework/images/colorpicker/select.png]
[www.paintinganddecoratingnewcastle.co.uk/wp-content/themes/enfold/framework/images/colorpicker/slider.png]
[www.paintinganddecoratingnewcastle.co.uk/wp-content/themes/enfold/framework/images/colorpicker/index.html]
[www.paintinganddecoratingnewcastle.co.uk/wp-content/themes/enfold/framework/images/icons/accept.png]
[www.paintinganddecoratingnewcastle.co.uk/wp-content/themes/enfold/framework/images/icons/application_side_expand.png]
[www.paintinganddecoratingnewcastle.co.uk/wp-content/themes/enfold/framework/images/icons/blog.png]
[www.paintinganddecoratingnewcastle.co.uk/wp-content/themes/enfold/framework/images/icons/blueprint_horizontal.png]
[www.paintinganddecoratingnewcastle.co.uk/wp-content/themes/enfold/framework/images/icons/book_addresses.png]
[www.paintinganddecoratingnewcastle.co.uk/wp-content/themes/enfold/framework/images/icons/brick.png]
[www.paintinganddecoratingnewcastle.co.uk/wp-content/themes/enfold/framework/images/icons/cart.png]
[www.paintinganddecoratingnewcastle.co.uk/wp-content/themes/enfold/framework/images/icons/cog.png]
[www.paintinganddecoratingnewcastle.co.uk/wp-content/themes/enfold/framework/images/icons/doc_text_image.png]
[www.paintinganddecoratingnewcastle.co.uk/wp-content/themes/enfold/framework/images/icons/error.png]
[www.paintinganddecoratingnewcastle.co.uk/wp-content/themes/enfold/framework/images/icons/hammer_screwdriver.png]
[www.paintinganddecoratingnewcastle.co.uk/wp-content/themes/enfold/framework/images/icons/images.png]
[www.paintinganddecoratingnewcastle.co.uk/wp-content/themes/enfold/framework/images/icons/import_export.png]
[www.paintinganddecoratingnewcastle.co.uk/wp-content/themes/enfold/framework/images/icons/layout_header_footer_3_mix.png]
[www.paintinganddecoratingnewcastle.co.uk/wp-content/themes/enfold/framework/images/icons/layout_select.png]
[www.paintinganddecoratingnewcastle.co.uk/wp-content/themes/enfold/framework/images/icons/layout_select_footer.png]
[www.paintinganddecoratingnewcastle.co.uk/wp-content/themes/enfold/framework/images/icons/layout_select_sidebar.png]
[www.paintinganddecoratingnewcastle.co.uk/wp-content/themes/enfold/framework/images/icons/page_white_wrench.png]
[www.paintinganddecoratingnewcastle.co.uk/wp-content/themes/enfold/framework/images/icons/paintbrush.png]
[www.paintinganddecoratingnewcastle.co.uk/wp-content/themes/enfold/framework/images/icons/paintcan.png]
[www.paintinganddecoratingnewcastle.co.uk/wp-content/themes/enfold/framework/images/icons/palette.png]
[www.paintinganddecoratingnewcastle.co.uk/wp-content/themes/enfold/framework/images/icons/photo_album.png]
[www.paintinganddecoratingnewcastle.co.uk/wp-content/themes/enfold/framework/images/icons/readme.txt]
[www.paintinganddecoratingnewcastle.co.uk/wp-content/themes/enfold/framework/images/icons/search.png]
[www.paintinganddecoratingnewcastle.co.uk/wp-content/themes/enfold/framework/images/icons/social_facebook.png]
[www.paintinganddecoratingnewcastle.co.uk/wp-content/themes/enfold/framework/images/icons/social_flickr.png]
[www.paintinganddecoratingnewcastle.co.uk/wp-content/themes/enfold/framework/images/icons/social_twitter.png]
[www.paintinganddecoratingnewcastle.co.uk/wp-content/themes/enfold/framework/images/icons/update.png]
[www.paintinganddecoratingnewcastle.co.uk/wp-content/themes/enfold/framework/images/icons/user.png]
[www.paintinganddecoratingnewcastle.co.uk/wp-content/themes/enfold/framework/images/icons/video.png]
[www.paintinganddecoratingnewcastle.co.uk/wp-content/themes/enfold/framework/images/icons/video_insert_image.png]
[www.paintinganddecoratingnewcastle.co.uk/wp-content/themes/enfold/framework/images/icons/wand.png]
[www.paintinganddecoratingnewcastle.co.uk/wp-content/themes/enfold/framework/images/icons/index.html]
[www.paintinganddecoratingnewcastle.co.uk/wp-content/themes/enfold/framework/images/layout/FIND_API.jpg]
[www.paintinganddecoratingnewcastle.co.uk/wp-content/themes/enfold/framework/images/layout/arrow.png]
[www.paintinganddecoratingnewcastle.co.uk/wp-content/themes/enfold/framework/images/layout/diagonal-bold-light.png]
[www.paintinganddecoratingnewcastle.co.uk/wp-content/themes/enfold/framework/images/layout/gray-grad.png]
[www.paintinganddecoratingnewcastle.co.uk/wp-content/themes/enfold/framework/images/layout/menu-bits.gif]
[www.paintinganddecoratingnewcastle.co.uk/wp-content/themes/enfold/framework/images/layout/select_colorpicker.png]
[www.paintinganddecoratingnewcastle.co.uk/wp-content/themes/enfold/framework/images/layout/index.html]
[www.paintinganddecoratingnewcastle.co.uk/wp-content/themes/enfold/framework/images/layout/transparency.png]
[www.paintinganddecoratingnewcastle.co.uk/wp-content/themes/enfold/framework/js/conditional_load/avia_conditional_mega_menu.js]
[www.paintinganddecoratingnewcastle.co.uk/wp-content/themes/enfold/framework/js/conditional_load/avia_google_maps_widget.js]
[www.paintinganddecoratingnewcastle.co.uk/wp-content/themes/enfold/framework/js/conditional_load/index.html]
[www.paintinganddecoratingnewcastle.co.uk/wp-content/themes/enfold/framework/php/auto-updates/index.html]
[www.paintinganddecoratingnewcastle.co.uk/wp-content/themes/enfold/framework/php/avia_shortcodes/index.html]
[www.paintinganddecoratingnewcastle.co.uk/wp-content/themes/enfold/framework/php/class-adminpages.html]
[www.paintinganddecoratingnewcastle.co.uk/wp-content/themes/enfold/framework/php/class-breadcrumb.html]
[www.paintinganddecoratingnewcastle.co.uk/wp-content/themes/enfold/framework/php/class-database-option-sets.html]
[www.paintinganddecoratingnewcastle.co.uk/wp-content/themes/enfold/framework/php/class-form-generator.html]
[www.paintinganddecoratingnewcastle.co.uk/wp-content/themes/enfold/framework/php/class-framework-widgets.html]
[www.paintinganddecoratingnewcastle.co.uk/wp-content/themes/enfold/framework/php/class-htmlhelper.html]
[www.paintinganddecoratingnewcastle.co.uk/wp-content/themes/enfold/framework/php/class-media.html]
[www.paintinganddecoratingnewcastle.co.uk/wp-content/themes/enfold/framework/php/class-megamenu.html]
[www.paintinganddecoratingnewcastle.co.uk/wp-content/themes/enfold/framework/php/class-metabox.html]
[www.paintinganddecoratingnewcastle.co.uk/wp-content/themes/enfold/framework/php/class-queryfilter.html]
[www.paintinganddecoratingnewcastle.co.uk/wp-content/themes/enfold/framework/php/class-sidebar-generator.html]
[www.paintinganddecoratingnewcastle.co.uk/wp-content/themes/enfold/framework/php/class-style-generator.html]
[www.paintinganddecoratingnewcastle.co.uk/wp-content/themes/enfold/framework/php/class-superobject.html]
[www.paintinganddecoratingnewcastle.co.uk/wp-content/themes/enfold/framework/php/class-tgm-plugin-activation.html]
[www.paintinganddecoratingnewcastle.co.uk/wp-content/themes/enfold/framework/php/class-update-notifier.html]
[www.paintinganddecoratingnewcastle.co.uk/wp-content/themes/enfold/framework/php/function-set-avia-ajax.html]
[www.paintinganddecoratingnewcastle.co.uk/wp-content/themes/enfold/framework/php/function-set-avia-backend.html]
[www.paintinganddecoratingnewcastle.co.uk/wp-content/themes/enfold/framework/php/function-set-avia-frontend.html]
[www.paintinganddecoratingnewcastle.co.uk/wp-content/themes/enfold/framework/php/inc-autoconfig.html]
[www.paintinganddecoratingnewcastle.co.uk/wp-content/themes/enfold/framework/php/inc-avia-importer.html]
[www.paintinganddecoratingnewcastle.co.uk/wp-content/themes/enfold/framework/php/wordpress-importer/index.html]
[www.paintinganddecoratingnewcastle.co.uk/author/admin/index1919.html]
[www.paintinganddecoratingnewcastle.co.uk/tag/are/index1919.html]
[www.paintinganddecoratingnewcastle.co.uk/tag/nice/index1919.html]
[www.paintinganddecoratingnewcastle.co.uk/tag/some/index1919.html]
[www.paintinganddecoratingnewcastle.co.uk/tag/tags/index1919.html]
[www.paintinganddecoratingnewcastle.co.uk/tag/these/index1919.html]
[www.paintinganddecoratingnewcastle.co.uk/blog/blog-grid/page/2/index03c7.html]
[www.paintinganddecoratingnewcastle.co.uk/blog/blog-grid/page/2/index1919.html]
[www.paintinganddecoratingnewcastle.co.uk/blog/blog-multi-author/page/2/index03c7.html]
[www.paintinganddecoratingnewcastle.co.uk/type/link/index1919.html]
[www.paintinganddecoratingnewcastle.co.uk/type/quote/index1919.html]
[www.paintinganddecoratingnewcastle.co.uk/type/gallery/index1919.html]
[www.paintinganddecoratingnewcastle.co.uk/type/video/index1919.html]
[www.paintinganddecoratingnewcastle.co.uk/blog/blog-multi-author/page/2/index1919.html]
[www.paintinganddecoratingnewcastle.co.uk/blog/blog-single-author-big/page/2/index03c7.html]
[www.paintinganddecoratingnewcastle.co.uk/blog/blog-single-author-big/page/2/index1919.html]
[www.paintinganddecoratingnewcastle.co.uk/blog/blog-single-author-full/page/2/index03c7.html]
[www.paintinganddecoratingnewcastle.co.uk/blog/blog-single-author-full/page/2/index1919.html]
[www.paintinganddecoratingnewcastle.co.uk/blog/blog-single-small/page/2/index03c7.html]
[www.paintinganddecoratingnewcastle.co.uk/blog/blog-single-small/page/2/index1919.html]
[www.paintinganddecoratingnewcastle.co.uk/wp-includes/css/buttons.min9712.css]
[www.paintinganddecoratingnewcastle.co.uk/fonts.googleapis.com/css1b56.html]
[www.paintinganddecoratingnewcastle.co.uk/wp-includes/fonts/dashicons.eot]
[www.paintinganddecoratingnewcastle.co.uk/wp-includes/css/dashicons.min9712.css]
[www.paintinganddecoratingnewcastle.co.uk/wp-admin/images/loading.gif]
[www.paintinganddecoratingnewcastle.co.uk/wp-admin/images/w-logo-blue7a53.png]
[www.paintinganddecoratingnewcastle.co.uk/wp-admin/css/login.min9712.css]
[www.paintinganddecoratingnewcastle.co.uk/wordpress.org/index.html]
[www.paintinganddecoratingnewcastle.co.uk/wp-loginc2b6.html]
[www.paintinganddecoratingnewcastle.co.uk/wp-login7dd3.html]
[www.paintinganddecoratingnewcastle.co.uk/shortcodes/blog-element/page/2/index03c7.html]
[www.paintinganddecoratingnewcastle.co.uk/shortcodes/blog-element/page/3/index03c7.html]
[www.paintinganddecoratingnewcastle.co.uk/shortcodes/blog-element/page/4/index03c7.html]
[www.paintinganddecoratingnewcastle.co.uk/shortcodes/blog-element/page/5/index03c7.html]
[www.paintinganddecoratingnewcastle.co.uk/shortcodes/blog-element/page/2/index1919.html]
[www.paintinganddecoratingnewcastle.co.uk/shortcodes/blog-element/page/3/index1919.html]
[www.paintinganddecoratingnewcastle.co.uk/shortcodes/blog-element/page/4/index1919.html]
[www.paintinganddecoratingnewcastle.co.uk/shortcodes/blog-element/page/5/index1919.html]
[www.paintinganddecoratingnewcastle.co.uk/2012/01/index1919.html]
[www.paintinganddecoratingnewcastle.co.uk/2012/index.html]
[www.paintinganddecoratingnewcastle.co.uk/2011/03/index1919.html]
[www.paintinganddecoratingnewcastle.co.uk/2011/index.html]
[www.paintinganddecoratingnewcastle.co.uk/2011/02/index1919.html]
[www.paintinganddecoratingnewcastle.co.uk/2011/01/index1919.html]
[www.paintinganddecoratingnewcastle.co.uk/2010/12/index1919.html]
[www.paintinganddecoratingnewcastle.co.uk/2010/index.html]
[www.paintinganddecoratingnewcastle.co.uk/2010/08/index1919.html]
[www.paintinganddecoratingnewcastle.co.uk/2010/05/index1919.html]
[www.paintinganddecoratingnewcastle.co.uk/2009/03/index1919.html]
[www.paintinganddecoratingnewcastle.co.uk/2009/index.html]
[www.paintinganddecoratingnewcastle.co.uk/wp-content/themes/enfold/framework/css/conditional_load/avia_gallery_mode.css]
[www.paintinganddecoratingnewcastle.co.uk/wp-content/themes/enfold/framework/php/auto-updates/auto-updates.html]
[www.paintinganddecoratingnewcastle.co.uk/wp-content/themes/enfold/framework/php/auto-updates/class-envato-protected-api.html]
[www.paintinganddecoratingnewcastle.co.uk/wp-content/themes/enfold/framework/php/auto-updates/class-pixelentity-theme-update.html]
[www.paintinganddecoratingnewcastle.co.uk/wp-content/themes/enfold/framework/php/avia_shortcodes/css/index.html]
[www.paintinganddecoratingnewcastle.co.uk/wp-content/themes/enfold/framework/php/avia_shortcodes/img/checkmark.gif]
[www.paintinganddecoratingnewcastle.co.uk/wp-content/themes/enfold/framework/php/avia_shortcodes/img/globe-preloader.gif]
[www.paintinganddecoratingnewcastle.co.uk/wp-content/themes/enfold/framework/php/avia_shortcodes/img/preloader.gif]
[www.paintinganddecoratingnewcastle.co.uk/wp-content/themes/enfold/framework/php/avia_shortcodes/img/x.gif]
[www.paintinganddecoratingnewcastle.co.uk/wp-content/themes/enfold/framework/php/avia_shortcodes/img/index.html]
[www.paintinganddecoratingnewcastle.co.uk/wp-content/themes/enfold/framework/php/avia_shortcodes/preview-shortcode-external.html]
[www.paintinganddecoratingnewcastle.co.uk/wp-content/themes/enfold/framework/php/avia_shortcodes/sc/big_box.js]
[www.paintinganddecoratingnewcastle.co.uk/wp-content/themes/enfold/framework/php/avia_shortcodes/sc/box.js]
[www.paintinganddecoratingnewcastle.co.uk/wp-content/themes/enfold/framework/php/avia_shortcodes/sc/button.js]
[www.paintinganddecoratingnewcastle.co.uk/wp-content/themes/enfold/framework/php/avia_shortcodes/sc/column.js]
[www.paintinganddecoratingnewcastle.co.uk/wp-content/themes/enfold/framework/php/avia_shortcodes/sc/digg.js]
[www.paintinganddecoratingnewcastle.co.uk/wp-content/themes/enfold/framework/php/avia_shortcodes/sc/fblike.js]
[www.paintinganddecoratingnewcastle.co.uk/wp-content/themes/enfold/framework/php/avia_shortcodes/sc/iconbox.js]
[www.paintinganddecoratingnewcastle.co.uk/wp-content/themes/enfold/framework/php/avia_shortcodes/sc/iconbox_top.js]
[www.paintinganddecoratingnewcastle.co.uk/wp-content/themes/enfold/framework/php/avia_shortcodes/sc/ilink.js]
[www.paintinganddecoratingnewcastle.co.uk/wp-content/themes/enfold/framework/php/avia_shortcodes/sc/latest_portfolio.js]
[www.paintinganddecoratingnewcastle.co.uk/wp-content/themes/enfold/framework/php/avia_shortcodes/sc/latest_posts.js]
[www.paintinganddecoratingnewcastle.co.uk/wp-content/themes/enfold/framework/php/avia_shortcodes/sc/latest_tweets.js]
[www.paintinganddecoratingnewcastle.co.uk/wp-content/themes/enfold/framework/php/avia_shortcodes/sc/quote.js]
[www.paintinganddecoratingnewcastle.co.uk/wp-content/themes/enfold/framework/php/avia_shortcodes/sc/related.js]
[www.paintinganddecoratingnewcastle.co.uk/wp-content/themes/enfold/framework/php/avia_shortcodes/sc/sidebar_tabs.js]
[www.paintinganddecoratingnewcastle.co.uk/wp-content/themes/enfold/framework/php/avia_shortcodes/sc/slider.js]
[www.paintinganddecoratingnewcastle.co.uk/wp-content/themes/enfold/framework/php/avia_shortcodes/sc/tab.js]
[www.paintinganddecoratingnewcastle.co.uk/wp-content/themes/enfold/framework/php/avia_shortcodes/sc/table.js]
[www.paintinganddecoratingnewcastle.co.uk/wp-content/themes/enfold/framework/php/avia_shortcodes/sc/toggle.js]
[www.paintinganddecoratingnewcastle.co.uk/wp-content/themes/enfold/framework/php/avia_shortcodes/sc/tweetmeme.js]
[www.paintinganddecoratingnewcastle.co.uk/wp-content/themes/enfold/framework/php/avia_shortcodes/sc/twitter.js]
[www.paintinganddecoratingnewcastle.co.uk/wp-content/themes/enfold/framework/php/avia_shortcodes/sc/index.html]
[www.paintinganddecoratingnewcastle.co.uk/wp-content/themes/enfold/framework/php/avia_shortcodes/shortcodes.html]
[www.paintinganddecoratingnewcastle.co.uk/wp-content/themes/enfold/framework/php/avia_shortcodes/tinymce/editor_plugin.js]
[www.paintinganddecoratingnewcastle.co.uk/wp-content/themes/enfold/framework/php/avia_shortcodes/tinymce/index.html]
[www.paintinganddecoratingnewcastle.co.uk/wp-content/themes/enfold/framework/php/avia_shortcodes/tinymce/editor_plugin_3.js]
[www.paintinganddecoratingnewcastle.co.uk/wp-content/themes/enfold/framework/php/wordpress-importer/avia-export-class.html]
[www.paintinganddecoratingnewcastle.co.uk/wp-content/themes/enfold/framework/php/wordpress-importer/avia-import-class.html]
[www.paintinganddecoratingnewcastle.co.uk/wp-content/themes/enfold/framework/php/wordpress-importer/parsers.html]
[www.paintinganddecoratingnewcastle.co.uk/wp-content/themes/enfold/framework/php/wordpress-importer/wordpress-importer.html]
[www.paintinganddecoratingnewcastle.co.uk/blog/blog-grid/index03c7.html]
[www.paintinganddecoratingnewcastle.co.uk/blog/blog-multi-author/index03c7.html]
[www.paintinganddecoratingnewcastle.co.uk/blog/blog-single-author-big/index03c7.html]
[www.paintinganddecoratingnewcastle.co.uk/blog/blog-single-author-full/index03c7.html]
[www.paintinganddecoratingnewcastle.co.uk/blog/blog-single-small/index03c7.html]
[www.paintinganddecoratingnewcastle.co.uk/wp-admin/images/wordpress-logo7d6b.svg]
[www.paintinganddecoratingnewcastle.co.uk/wp-login.html]
[www.paintinganddecoratingnewcastle.co.uk/wp-admin/&reauth=1.html]
[www.paintinganddecoratingnewcastle.co.uk/shortcodes/blog-element/index03c7.html]
[www.paintinganddecoratingnewcastle.co.uk/2012/index1919.html]
[www.paintinganddecoratingnewcastle.co.uk/2011/index1919.html]
[www.paintinganddecoratingnewcastle.co.uk/2010/index1919.html]
[www.paintinganddecoratingnewcastle.co.uk/2009/index1919.html]
[www.paintinganddecoratingnewcastle.co.uk/wp-content/themes/enfold/framework/php/avia_shortcodes/css/styles.css]
[www.paintinganddecoratingnewcastle.co.uk/wp-content/themes/enfold/framework/php/avia_shortcodes/tinymce/dialog.html]
[www.paintinganddecoratingnewcastle.co.uk/wp-content/themes/enfold/framework/php/avia_shortcodes/tinymce/img/index.html]
[www.paintinganddecoratingnewcastle.co.uk/wp-content/themes/enfold/framework/php/avia_shortcodes/tinymce/js/column-control.js]
[www.paintinganddecoratingnewcastle.co.uk/wp-content/themes/enfold/framework/php/avia_shortcodes/tinymce/js/dialog.js]
[www.paintinganddecoratingnewcastle.co.uk/wp-content/themes/enfold/framework/php/avia_shortcodes/tinymce/js/sidebar-tab-control.js]
[www.paintinganddecoratingnewcastle.co.uk/wp-content/themes/enfold/framework/php/avia_shortcodes/tinymce/js/tab-control.js]
[www.paintinganddecoratingnewcastle.co.uk/wp-content/themes/enfold/framework/php/avia_shortcodes/tinymce/js/table-control.js]
[www.paintinganddecoratingnewcastle.co.uk/wp-content/themes/enfold/framework/php/avia_shortcodes/tinymce/js/index.html]
